../Drivers/STM32G4xx_HAL_Driver/Inc/stm32g4xx_ll_i2c.h:644:22:LL_I2C_EnableClockStretching	1
../Drivers/STM32G4xx_HAL_Driver/Inc/stm32g4xx_ll_i2c.h:764:22:LL_I2C_DisableGeneralCall	1
../Drivers/STM32G4xx_HAL_Driver/Inc/stm32g4xx_ll_i2c.h:875:22:LL_I2C_SetOwnAddress2	1
../Drivers/STM32G4xx_HAL_Driver/Inc/stm32g4xx_ll_i2c.h:897:22:LL_I2C_DisableOwnAddress2	1
../Drivers/STM32G4xx_HAL_Driver/Inc/stm32g4xx_ll_i2c.h:1879:22:LL_I2C_EnableAutoEndMode	1
../Drivers/STM32G4xx_HAL_Driver/Inc/stm32g4xx_ll_bus.h:451:22:LL_AHB2_GRP1_EnableClock	1
../Drivers/STM32G4xx_HAL_Driver/Inc/stm32g4xx_ll_bus.h:913:22:LL_APB1_GRP1_EnableClock	1
../Drivers/STM32G4xx_HAL_Driver/Inc/stm32g4xx_ll_system.h:471:22:LL_SYSCFG_EnableFastModePlus	1
../Core/Src/main.c:72:1:__io_putchar	1
../Core/Src/main.c:91:5:main	11
../Core/Src/main.c:209:6:SystemClock_Config	3
../Core/Src/main.c:256:13:MX_I2C1_Init	2
../Core/Src/main.c:331:13:MX_TIM7_Init	3
../Core/Src/main.c:369:13:MX_USART2_UART_Init	5
../Core/Src/main.c:417:13:MX_GPIO_Init	1
../Core/Src/main.c:454:6:HAL_UART_RxCpltCallback	2
../Core/Src/main.c:468:13:MX_I2C1_fast_Init	2
../Core/Src/main.c:549:6:Error_Handler	1
