../Drivers/STM32G4xx_HAL_Driver/Inc/stm32g4xx_ll_i2c.h:644:22:LL_I2C_EnableClockStretching	1
../Drivers/STM32G4xx_HAL_Driver/Inc/stm32g4xx_ll_i2c.h:764:22:LL_I2C_DisableGeneralCall	1
../Drivers/STM32G4xx_HAL_Driver/Inc/stm32g4xx_ll_i2c.h:875:22:LL_I2C_SetOwnAddress2	1
../Drivers/STM32G4xx_HAL_Driver/Inc/stm32g4xx_ll_i2c.h:897:22:LL_I2C_DisableOwnAddress2	1
../Drivers/STM32G4xx_HAL_Driver/Inc/stm32g4xx_ll_i2c.h:1879:22:LL_I2C_EnableAutoEndMode	1
../Drivers/STM32G4xx_HAL_Driver/Inc/stm32g4xx_ll_bus.h:451:22:LL_AHB2_GRP1_EnableClock	1
../Drivers/STM32G4xx_HAL_Driver/Inc/stm32g4xx_ll_bus.h:913:22:LL_APB1_GRP1_EnableClock	1
../Core/Src/main.c:70:1:__io_putchar	1
../Core/Src/main.c:87:5:main	8
../Core/Src/main.c:185:6:SystemClock_Config	3
../Core/Src/main.c:232:13:MX_I2C1_Init	2
../Core/Src/main.c:307:13:MX_TIM7_Init	3
../Core/Src/main.c:345:13:MX_USART2_UART_Init	5
../Core/Src/main.c:393:13:MX_GPIO_Init	1
../Core/Src/main.c:430:6:HAL_UART_RxCpltCallback	2
../Core/Src/main.c:444:6:Error_Handler	1
