../Core/Src/MX90640.c:40:5:MLX90640_DumpEE	16	static
../Core/Src/MX90640.c:45:5:MLX90640_SynchFrame	32	static
../Core/Src/MX90640.c:71:5:MLX90640_TriggerMeasurement	24	static
../Core/Src/MX90640.c:107:5:MLX90640_GetFrameData	160	static
../Core/Src/MX90640.c:173:12:ValidateFrameData	24	static
../Core/Src/MX90640.c:186:12:ValidateAuxData	40	static
../Core/Src/MX90640.c:225:5:MLX90640_ExtractParameters	24	static
../Core/Src/MX90640.c:250:5:MLX90640_SetResolution	24	static
../Core/Src/MX90640.c:273:5:MLX90640_GetCurResolution	32	static
../Core/Src/MX90640.c:291:5:MLX90640_SetRefreshRate	24	static
../Core/Src/MX90640.c:313:5:MLX90640_GetRefreshRate	32	static
../Core/Src/MX90640.c:331:5:MLX90640_SetInterleavedMode	24	static
../Core/Src/MX90640.c:350:5:MLX90640_SetChessMode	24	static
../Core/Src/MX90640.c:369:5:MLX90640_GetCurMode	32	static
../Core/Src/MX90640.c:387:6:MLX90640_CalculateTo	160	static
../Core/Src/MX90640.c:520:6:MLX90640_GetImage	112	static
../Core/Src/MX90640.c:609:7:MLX90640_GetVdd	40	static
../Core/Src/MX90640.c:625:7:MLX90640_GetTa	48	static
../Core/Src/MX90640.c:646:5:MLX90640_GetSubPageNumber	16	static
../Core/Src/MX90640.c:653:6:MLX90640_BadPixelsCorrection	56	static
../Core/Src/MX90640.c:756:13:ExtractVDDParameters	24	static
../Core/Src/MX90640.c:772:13:ExtractPTATParameters	32	static
../Core/Src/MX90640.c:805:13:ExtractGainParameters	16	static
../Core/Src/MX90640.c:812:13:ExtractTgcParameters	16	static
../Core/Src/MX90640.c:819:13:ExtractResolutionParameters	24	static
../Core/Src/MX90640.c:829:13:ExtractKsTaParameters	16	static
../Core/Src/MX90640.c:836:13:ExtractKsToParameters	24	static
../Core/Src/MX90640.c:864:13:ExtractAlphaParameters	3376	static
../Core/Src/MX90640.c:965:13:ExtractOffsetParameters	280	static
../Core/Src/MX90640.c:1033:13:ExtractKtaPixelParameters	3136	static
../Core/Src/MX90640.c:1105:13:ExtractKvPixelParameters	3136	static
../Core/Src/MX90640.c:1195:13:ExtractCPParameters	56	static
../Core/Src/MX90640.c:1252:13:ExtractCILCParameters	32	static
../Core/Src/MX90640.c:1289:12:ExtractDeviatingPixels	32	static
../Core/Src/MX90640.c:1380:13:CheckAdjacentPixels	32	static
../Core/Src/MX90640.c:1405:14:GetMedian	32	static
../Core/Src/MX90640.c:1436:12:IsPixelBad	24	static
